     1                                  bits 32
     2                                  global start
     3                                  extern exit, fopen, fclose, scanf, fprintf
     4                                  import exit msvcrt.dll
     5                                  import fopen msvcrt.dll
     6                                  import fclose msvcrt.dll
     7                                  import scanf msvcrt.dll
     8                                  import fprintf msvcrt.dll
     9                                  segment data use32 class=data
    10                                  
    11 00000000 00000100                	a dd 10000h
    12 00000004 0200                        b dw 2
    13                                      
    14                                  segment code use32 class=code
    15                                  	start:
    16                                      
    17 00000000 B0FE                        mov al, -2
    18 00000002 B380                        mov bl, -128
    19 00000004 F6E8                        imul al
    20                                      
    21                                      ; Exit program
    22 00000006 6A00                    	push dword 0
    23 00000008 FF15[00000000]          	call[exit]
