     1                                  ; exerciții simple
     2                                  ; 26. 3 - 4
     3                                  
     4                                  bits 32
     5                                  global start
     6                                  extern exit
     7                                  import exit msvcrt.dll
     8                                  segment data use32 class=data
     9                                  
    10 00000000 03                      	a DB 3
    11 00000001 04                      	b DB 4
    12                                      
    13                                  segment code use32 class=code
    14                                  	start:
    15                                  	
    16 00000000 A0[00000000]            	mov AL, [a]; AL <- a = 3
    17 00000005 2A05[01000000]          	sub AL, [b]; AL <- AL - b = 3 - 4 = -1
    18                                      
    19 0000000B 6A00                    	push dword 0
    20 0000000D FF15[00000000]          	call[exit]
